=========================================
Quantum ESPRESSO Workflow Started
Script dir : /mgpfs/scratch/ahma080/arsy/QE_workflow
Input      : /mgpfs/scratch/ahma080/arsy/ws2/ws2_co2_H1_relax.in
Case       : ws2_co2_H1
Work dir   : /mgpfs/scratch/ahma080/arsy/ws2
=========================================

[1/11 PARSER] bash '/mgpfs/scratch/ahma080/arsy/QE_workflow/script/parser.sh' '/mgpfs/scratch/ahma080/arsy/ws2/ws2_co2_H1_relax.in'
Parser cache saved:
/mgpfs/scratch/ahma080/arsy/ws2/cache/parser.cache

[2/11 RELAX] bash '/mgpfs/scratch/ahma080/arsy/QE_workflow/script/run_pw.sh' '/mgpfs/scratch/ahma080/arsy/ws2/ws2_co2_H1_relax.in'

====================================
Running PWscf
Input  : ws2_co2_H1_relax.in
Output : ws2_co2_H1_relax.out
====================================
SUCCESS : /mgpfs/scratch/ahma080/arsy/ws2/ws2_co2_H1_relax.out
PWscf finished successfully.

[3/11 EXTRACT STRUCTURE] bash '/mgpfs/scratch/ahma080/arsy/QE_workflow/script/extract_structure.sh' '/mgpfs/scratch/ahma080/arsy/ws2/ws2_co2_H1_relax.in' '/mgpfs/scratch/ahma080/arsy/ws2/ws2_co2_H1_relax.out'

======================================
Structure extracted successfully
Output : /mgpfs/scratch/ahma080/arsy/ws2/cache/structure.in
======================================

[4/11 GENERATE SCF] bash '/mgpfs/scratch/ahma080/arsy/QE_workflow/script/generate_scf.sh' '/mgpfs/scratch/ahma080/arsy/ws2/ws2_co2_H1_relax.in'

==================================
SCF input generated:
/mgpfs/scratch/ahma080/arsy/ws2/ws2_co2_H1_scf.in
==================================

[5/11 SCF] bash '/mgpfs/scratch/ahma080/arsy/QE_workflow/script/run_pw.sh' '/mgpfs/scratch/ahma080/arsy/ws2/ws2_co2_H1_scf.in'

====================================
Running PWscf
Input  : ws2_co2_H1_scf.in
Output : ws2_co2_H1_scf.out
====================================
SUCCESS : /mgpfs/scratch/ahma080/arsy/ws2/ws2_co2_H1_scf.out
PWscf finished successfully.

[6/11 GENERATE BAND] bash '/mgpfs/scratch/ahma080/arsy/QE_workflow/script/generate_band.sh' '/mgpfs/scratch/ahma080/arsy/ws2/ws2_co2_H1_relax.in'

==================================
Band input generated:
/mgpfs/scratch/ahma080/arsy/ws2/ws2_co2_H1_band.in
==================================

[7/11 BAND] bash '/mgpfs/scratch/ahma080/arsy/QE_workflow/script/run_pw.sh' '/mgpfs/scratch/ahma080/arsy/ws2/ws2_co2_H1_band.in'

====================================
Running PWscf
Input  : ws2_co2_H1_band.in
Output : ws2_co2_H1_band.out
====================================
